// Jest Snapshot v1, https://goo.gl/fbAQLP

exports[`@bhague1281/lerna-constants should export the correct constants 1`] = `
Object {
  "TEST1": "test1",
  "TEST2": "test2",
  "TEST3": "test3",
  "TEST4": "test4",
}
`;
